// Jest Snapshot v1, https://goo.gl/fbAQLP

exports[`Testing UserDetail() Component should take a snapshot 1`] = `
<DocumentFragment>
  <div>
    SÃ©lectionner un utilisateur 
  </div>
</DocumentFragment>
`;
